Archive member included to satisfy reference by file (symbol)

c:/program files (x86)/arduino/hardware/tools/avr/bin/../lib/gcc/avr/5.4.0/avr5\libgcc.a(_divmodhi4.o)
                              obj/Joystick.o (__divmodhi4)
c:/program files (x86)/arduino/hardware/tools/avr/bin/../lib/gcc/avr/5.4.0/avr5\libgcc.a(_exit.o)
                              c:/program files (x86)/arduino/hardware/tools/avr/bin/../lib/gcc/avr/5.4.0/../../../../avr/lib/avr5/crtatmega32u4.o (exit)
c:/program files (x86)/arduino/hardware/tools/avr/bin/../lib/gcc/avr/5.4.0/avr5\libgcc.a(_clear_bss.o)
                              obj/Joystick.o (__do_clear_bss)
c:/program files (x86)/arduino/hardware/tools/avr/bin/../lib/gcc/avr/5.4.0/avr5\libgcc.a(_udivmodhi4.o)
                              c:/program files (x86)/arduino/hardware/tools/avr/bin/../lib/gcc/avr/5.4.0/avr5\libgcc.a(_divmodhi4.o) (__udivmodhi4)
c:/program files (x86)/arduino/hardware/tools/avr/bin/../lib/gcc/avr/5.4.0/../../../../avr/lib/avr5\libatmega32u4.a(eerd_byte.o)
                              obj/EndpointStream_AVR8.o (eeprom_read_byte)
c:/program files (x86)/arduino/hardware/tools/avr/bin/../lib/gcc/avr/5.4.0/../../../../avr/lib/avr5\libatmega32u4.a(eeupd_byte.o)
                              obj/EndpointStream_AVR8.o (eeprom_update_byte)

Allocating common symbols
Common symbol       size              file

last_report         0x8               obj/Joystick.o
USB_IsInitialized   0x1               obj/USBTask.o
USB_DeviceState     0x1               obj/USBTask.o
USB_Device_ConfigurationNumber
                    0x1               obj/DeviceStandardReq.o
USB_Device_CurrentlySelfPowered
                    0x1               obj/DeviceStandardReq.o
USB_ControlRequest  0x8               obj/USBTask.o
USB_Device_RemoteWakeupEnabled
                    0x1               obj/DeviceStandardReq.o

Discarded input sections

 .data          0x00000000        0x0 c:/program files (x86)/arduino/hardware/tools/avr/bin/../lib/gcc/avr/5.4.0/../../../../avr/lib/avr5/crtatmega32u4.o
 .bss           0x00000000        0x0 c:/program files (x86)/arduino/hardware/tools/avr/bin/../lib/gcc/avr/5.4.0/../../../../avr/lib/avr5/crtatmega32u4.o
 .text          0x00000000        0x0 obj/Joystick.o
 .data          0x00000000        0x0 obj/Joystick.o
 .text          0x00000000        0x0 obj/Descriptors.o
 .data          0x00000000        0x0 obj/Descriptors.o
 .bss           0x00000000        0x0 obj/Descriptors.o
 .text          0x00000000        0x0 obj/image.o
 .data          0x00000000        0x0 obj/image.o
 .bss           0x00000000        0x0 obj/image.o
 .text          0x00000000        0x0 obj/HIDParser.o
 .data          0x00000000        0x0 obj/HIDParser.o
 .bss           0x00000000        0x0 obj/HIDParser.o
 .text.USB_ProcessHIDReport
                0x00000000      0x6c6 obj/HIDParser.o
 .text.USB_GetHIDReportItemInfo
                0x00000000       0xbc obj/HIDParser.o
 .text.USB_SetHIDReportItemInfo
                0x00000000       0xc0 obj/HIDParser.o
 .text.USB_GetHIDReportSize
                0x00000000       0x56 obj/HIDParser.o
 .debug_info    0x00000000      0x739 obj/HIDParser.o
 .debug_abbrev  0x00000000      0x21a obj/HIDParser.o
 .debug_loc     0x00000000      0xabf obj/HIDParser.o
 .debug_aranges
                0x00000000       0x38 obj/HIDParser.o
 .debug_ranges  0x00000000       0xd0 obj/HIDParser.o
 .debug_line    0x00000000      0x58a obj/HIDParser.o
 .debug_str     0x00000000      0x6f9 obj/HIDParser.o
 .comment       0x00000000       0x12 obj/HIDParser.o
 .debug_frame   0x00000000      0x11c obj/HIDParser.o
 .text          0x00000000        0x0 obj/Device_AVR8.o
 .data          0x00000000        0x0 obj/Device_AVR8.o
 .bss           0x00000000        0x0 obj/Device_AVR8.o
 .text.USB_Device_SendRemoteWakeup
                0x00000000       0x2c obj/Device_AVR8.o
 .debug_info    0x00000000       0xd2 obj/Device_AVR8.o
 .debug_abbrev  0x00000000       0x80 obj/Device_AVR8.o
 .debug_aranges
                0x00000000       0x20 obj/Device_AVR8.o
 .debug_ranges  0x00000000       0x10 obj/Device_AVR8.o
 .debug_line    0x00000000      0x12f obj/Device_AVR8.o
 .debug_str     0x00000000      0x235 obj/Device_AVR8.o
 .comment       0x00000000       0x12 obj/Device_AVR8.o
 .debug_frame   0x00000000       0x24 obj/Device_AVR8.o
 .text          0x00000000        0x0 obj/EndpointStream_AVR8.o
 .data          0x00000000        0x0 obj/EndpointStream_AVR8.o
 .bss           0x00000000        0x0 obj/EndpointStream_AVR8.o
 .text.Endpoint_Discard_Stream
                0x00000000       0x82 obj/EndpointStream_AVR8.o
 .text.Endpoint_Null_Stream
                0x00000000       0x82 obj/EndpointStream_AVR8.o
 .text.Endpoint_Write_Stream_BE
                0x00000000       0xa4 obj/EndpointStream_AVR8.o
 .text.Endpoint_Read_Stream_BE
                0x00000000       0xa4 obj/EndpointStream_AVR8.o
 .text.Endpoint_Write_PStream_LE
                0x00000000       0x9e obj/EndpointStream_AVR8.o
 .text.Endpoint_Write_PStream_BE
                0x00000000       0xa6 obj/EndpointStream_AVR8.o
 .text.Endpoint_Write_EStream_LE
                0x00000000       0xa0 obj/EndpointStream_AVR8.o
 .text.Endpoint_Write_EStream_BE
                0x00000000       0xa8 obj/EndpointStream_AVR8.o
 .text.Endpoint_Read_EStream_LE
                0x00000000       0xa0 obj/EndpointStream_AVR8.o
 .text.Endpoint_Read_EStream_BE
                0x00000000       0xa8 obj/EndpointStream_AVR8.o
 .text.Endpoint_Write_Control_Stream_BE
                0x00000000       0xd0 obj/EndpointStream_AVR8.o
 .text.Endpoint_Read_Control_Stream_LE
                0x00000000       0x80 obj/EndpointStream_AVR8.o
 .text.Endpoint_Read_Control_Stream_BE
                0x00000000       0x82 obj/EndpointStream_AVR8.o
 .text.Endpoint_Write_Control_PStream_BE
                0x00000000       0xce obj/EndpointStream_AVR8.o
 .text.Endpoint_Write_Control_EStream_LE
                0x00000000       0xf4 obj/EndpointStream_AVR8.o
 .text.Endpoint_Write_Control_EStream_BE
                0x00000000      0x100 obj/EndpointStream_AVR8.o
 .text.Endpoint_Read_Control_EStream_LE
                0x00000000       0x94 obj/EndpointStream_AVR8.o
 .text.Endpoint_Read_Control_EStream_BE
                0x00000000       0x92 obj/EndpointStream_AVR8.o
 .text          0x00000000        0x0 obj/Endpoint_AVR8.o
 .data          0x00000000        0x0 obj/Endpoint_AVR8.o
 .bss           0x00000000        0x0 obj/Endpoint_AVR8.o
 .text.Endpoint_ConfigureEndpointTable
                0x00000000       0x7c obj/Endpoint_AVR8.o
 .text.Endpoint_ClearEndpoints
                0x00000000       0x28 obj/Endpoint_AVR8.o
 .text          0x00000000        0x0 obj/Host_AVR8.o
 .data          0x00000000        0x0 obj/Host_AVR8.o
 .bss           0x00000000        0x0 obj/Host_AVR8.o
 .debug_info    0x00000000       0x56 obj/Host_AVR8.o
 .debug_abbrev  0x00000000       0x26 obj/Host_AVR8.o
 .debug_aranges
                0x00000000       0x18 obj/Host_AVR8.o
 .debug_line    0x00000000       0x1a obj/Host_AVR8.o
 .debug_str     0x00000000      0x1d4 obj/Host_AVR8.o
 .comment       0x00000000       0x12 obj/Host_AVR8.o
 .text          0x00000000        0x0 obj/PipeStream_AVR8.o
 .data          0x00000000        0x0 obj/PipeStream_AVR8.o
 .bss           0x00000000        0x0 obj/PipeStream_AVR8.o
 .debug_info    0x00000000       0x56 obj/PipeStream_AVR8.o
 .debug_abbrev  0x00000000       0x26 obj/PipeStream_AVR8.o
 .debug_aranges
                0x00000000       0x18 obj/PipeStream_AVR8.o
 .debug_line    0x00000000       0x1a obj/PipeStream_AVR8.o
 .debug_str     0x00000000      0x1da obj/PipeStream_AVR8.o
 .comment       0x00000000       0x12 obj/PipeStream_AVR8.o
 .text          0x00000000        0x0 obj/Pipe_AVR8.o
 .data          0x00000000        0x0 obj/Pipe_AVR8.o
 .bss           0x00000000        0x0 obj/Pipe_AVR8.o
 .debug_info    0x00000000       0x56 obj/Pipe_AVR8.o
 .debug_abbrev  0x00000000       0x26 obj/Pipe_AVR8.o
 .debug_aranges
                0x00000000       0x18 obj/Pipe_AVR8.o
 .debug_line    0x00000000       0x1a obj/Pipe_AVR8.o
 .debug_str     0x00000000      0x1d4 obj/Pipe_AVR8.o
 .comment       0x00000000       0x12 obj/Pipe_AVR8.o
 .text          0x00000000        0x0 obj/USBController_AVR8.o
 .data          0x00000000        0x0 obj/USBController_AVR8.o
 .bss           0x00000000        0x0 obj/USBController_AVR8.o
 .text.USB_Disable
                0x00000000       0x34 obj/USBController_AVR8.o
 .text          0x00000000        0x0 obj/USBInterrupt_AVR8.o
 .data          0x00000000        0x0 obj/USBInterrupt_AVR8.o
 .bss           0x00000000        0x0 obj/USBInterrupt_AVR8.o
 .text          0x00000000        0x0 obj/ConfigDescriptors.o
 .data          0x00000000        0x0 obj/ConfigDescriptors.o
 .bss           0x00000000        0x0 obj/ConfigDescriptors.o
 .text.USB_GetNextDescriptor
                0x00000000       0x3c obj/ConfigDescriptors.o
 .text.USB_GetNextDescriptorOfType
                0x00000000       0x38 obj/ConfigDescriptors.o
 .text.USB_GetNextDescriptorOfTypeBefore
                0x00000000       0x46 obj/ConfigDescriptors.o
 .text.USB_GetNextDescriptorOfTypeAfter
                0x00000000       0x3e obj/ConfigDescriptors.o
 .text.USB_GetNextDescriptorComp
                0x00000000       0x66 obj/ConfigDescriptors.o
 .debug_info    0x00000000      0x3d5 obj/ConfigDescriptors.o
 .debug_abbrev  0x00000000      0x185 obj/ConfigDescriptors.o
 .debug_loc     0x00000000      0x59f obj/ConfigDescriptors.o
 .debug_aranges
                0x00000000       0x40 obj/ConfigDescriptors.o
 .debug_ranges  0x00000000       0x30 obj/ConfigDescriptors.o
 .debug_line    0x00000000      0x1f9 obj/ConfigDescriptors.o
 .debug_str     0x00000000      0x41d obj/ConfigDescriptors.o
 .comment       0x00000000       0x12 obj/ConfigDescriptors.o
 .debug_frame   0x00000000       0xfc obj/ConfigDescriptors.o
 .text          0x00000000        0x0 obj/DeviceStandardReq.o
 .data          0x00000000        0x0 obj/DeviceStandardReq.o
 .bss           0x00000000        0x0 obj/DeviceStandardReq.o
 .text          0x00000000        0x0 obj/Events.o
 .data          0x00000000        0x0 obj/Events.o
 .bss           0x00000000        0x0 obj/Events.o
 .text          0x00000000        0x0 obj/HostStandardReq.o
 .data          0x00000000        0x0 obj/HostStandardReq.o
 .bss           0x00000000        0x0 obj/HostStandardReq.o
 .debug_info    0x00000000       0x56 obj/HostStandardReq.o
 .debug_abbrev  0x00000000       0x26 obj/HostStandardReq.o
 .debug_aranges
                0x00000000       0x18 obj/HostStandardReq.o
 .debug_line    0x00000000       0x1a obj/HostStandardReq.o
 .debug_str     0x00000000      0x1d5 obj/HostStandardReq.o
 .comment       0x00000000       0x12 obj/HostStandardReq.o
 .text          0x00000000        0x0 obj/USBTask.o
 .data          0x00000000        0x0 obj/USBTask.o
 .bss           0x00000000        0x0 obj/USBTask.o
 .text          0x00000000        0x0 c:/program files (x86)/arduino/hardware/tools/avr/bin/../lib/gcc/avr/5.4.0/avr5\libgcc.a(_divmodhi4.o)
 .data          0x00000000        0x0 c:/program files (x86)/arduino/hardware/tools/avr/bin/../lib/gcc/avr/5.4.0/avr5\libgcc.a(_divmodhi4.o)
 .bss           0x00000000        0x0 c:/program files (x86)/arduino/hardware/tools/avr/bin/../lib/gcc/avr/5.4.0/avr5\libgcc.a(_divmodhi4.o)
 .text.libgcc.mul
                0x00000000        0x0 c:/program files (x86)/arduino/hardware/tools/avr/bin/../lib/gcc/avr/5.4.0/avr5\libgcc.a(_divmodhi4.o)
 .text.libgcc   0x00000000        0x0 c:/program files (x86)/arduino/hardware/tools/avr/bin/../lib/gcc/avr/5.4.0/avr5\libgcc.a(_divmodhi4.o)
 .text.libgcc.prologue
                0x00000000        0x0 c:/program files (x86)/arduino/hardware/tools/avr/bin/../lib/gcc/avr/5.4.0/avr5\libgcc.a(_divmodhi4.o)
 .text.libgcc.builtins
                0x00000000        0x0 c:/program files (x86)/arduino/hardware/tools/avr/bin/../lib/gcc/avr/5.4.0/avr5\libgcc.a(_divmodhi4.o)
 .text.libgcc.fmul
                0x00000000        0x0 c:/program files (x86)/arduino/hardware/tools/avr/bin/../lib/gcc/avr/5.4.0/avr5\libgcc.a(_divmodhi4.o)
 .text.libgcc.fixed
                0x00000000        0x0 c:/program files (x86)/arduino/hardware/tools/avr/bin/../lib/gcc/avr/5.4.0/avr5\libgcc.a(_divmodhi4.o)
 .text          0x00000000        0x0 c:/program files (x86)/arduino/hardware/tools/avr/bin/../lib/gcc/avr/5.4.0/avr5\libgcc.a(_exit.o)
 .data          0x00000000        0x0 c:/program files (x86)/arduino/hardware/tools/avr/bin/../lib/gcc/avr/5.4.0/avr5\libgcc.a(_exit.o)
 .bss           0x00000000        0x0 c:/program files (x86)/arduino/hardware/tools/avr/bin/../lib/gcc/avr/5.4.0/avr5\libgcc.a(_exit.o)
 .text.libgcc.mul
                0x00000000        0x0 c:/program files (x86)/arduino/hardware/tools/avr/bin/../lib/gcc/avr/5.4.0/avr5\libgcc.a(_exit.o)
 .text.libgcc.div
                0x00000000        0x0 c:/program files (x86)/arduino/hardware/tools/avr/bin/../lib/gcc/avr/5.4.0/avr5\libgcc.a(_exit.o)
 .text.libgcc   0x00000000        0x0 c:/program files (x86)/arduino/hardware/tools/avr/bin/../lib/gcc/avr/5.4.0/avr5\libgcc.a(_exit.o)
 .text.libgcc.prologue
                0x00000000        0x0 c:/program files (x86)/arduino/hardware/tools/avr/bin/../lib/gcc/avr/5.4.0/avr5\libgcc.a(_exit.o)
 .text.libgcc.builtins
                0x00000000        0x0 c:/program files (x86)/arduino/hardware/tools/avr/bin/../lib/gcc/avr/5.4.0/avr5\libgcc.a(_exit.o)
 .text.libgcc.fmul
                0x00000000        0x0 c:/program files (x86)/arduino/hardware/tools/avr/bin/../lib/gcc/avr/5.4.0/avr5\libgcc.a(_exit.o)
 .text.libgcc.fixed
                0x00000000        0x0 c:/program files (x86)/arduino/hardware/tools/avr/bin/../lib/gcc/avr/5.4.0/avr5\libgcc.a(_exit.o)
 .text          0x00000000        0x0 c:/program files (x86)/arduino/hardware/tools/avr/bin/../lib/gcc/avr/5.4.0/avr5\libgcc.a(_clear_bss.o)
 .data          0x00000000        0x0 c:/program files (x86)/arduino/hardware/tools/avr/bin/../lib/gcc/avr/5.4.0/avr5\libgcc.a(_clear_bss.o)
 .bss           0x00000000        0x0 c:/program files (x86)/arduino/hardware/tools/avr/bin/../lib/gcc/avr/5.4.0/avr5\libgcc.a(_clear_bss.o)
 .text.libgcc.mul
                0x00000000        0x0 c:/program files (x86)/arduino/hardware/tools/avr/bin/../lib/gcc/avr/5.4.0/avr5\libgcc.a(_clear_bss.o)
 .text.libgcc.div
                0x00000000        0x0 c:/program files (x86)/arduino/hardware/tools/avr/bin/../lib/gcc/avr/5.4.0/avr5\libgcc.a(_clear_bss.o)
 .text.libgcc   0x00000000        0x0 c:/program files (x86)/arduino/hardware/tools/avr/bin/../lib/gcc/avr/5.4.0/avr5\libgcc.a(_clear_bss.o)
 .text.libgcc.prologue
                0x00000000        0x0 c:/program files (x86)/arduino/hardware/tools/avr/bin/../lib/gcc/avr/5.4.0/avr5\libgcc.a(_clear_bss.o)
 .text.libgcc.builtins
                0x00000000        0x0 c:/program files (x86)/arduino/hardware/tools/avr/bin/../lib/gcc/avr/5.4.0/avr5\libgcc.a(_clear_bss.o)
 .text.libgcc.fmul
                0x00000000        0x0 c:/program files (x86)/arduino/hardware/tools/avr/bin/../lib/gcc/avr/5.4.0/avr5\libgcc.a(_clear_bss.o)
 .text.libgcc.fixed
                0x00000000        0x0 c:/program files (x86)/arduino/hardware/tools/avr/bin/../lib/gcc/avr/5.4.0/avr5\libgcc.a(_clear_bss.o)
 .text          0x00000000        0x0 c:/program files (x86)/arduino/hardware/tools/avr/bin/../lib/gcc/avr/5.4.0/avr5\libgcc.a(_udivmodhi4.o)
 .data          0x00000000        0x0 c:/program files (x86)/arduino/hardware/tools/avr/bin/../lib/gcc/avr/5.4.0/avr5\libgcc.a(_udivmodhi4.o)
 .bss           0x00000000        0x0 c:/program files (x86)/arduino/hardware/tools/avr/bin/../lib/gcc/avr/5.4.0/avr5\libgcc.a(_udivmodhi4.o)
 .text.libgcc.mul
                0x00000000        0x0 c:/program files (x86)/arduino/hardware/tools/avr/bin/../lib/gcc/avr/5.4.0/avr5\libgcc.a(_udivmodhi4.o)
 .text.libgcc   0x00000000        0x0 c:/program files (x86)/arduino/hardware/tools/avr/bin/../lib/gcc/avr/5.4.0/avr5\libgcc.a(_udivmodhi4.o)
 .text.libgcc.prologue
                0x00000000        0x0 c:/program files (x86)/arduino/hardware/tools/avr/bin/../lib/gcc/avr/5.4.0/avr5\libgcc.a(_udivmodhi4.o)
 .text.libgcc.builtins
                0x00000000        0x0 c:/program files (x86)/arduino/hardware/tools/avr/bin/../lib/gcc/avr/5.4.0/avr5\libgcc.a(_udivmodhi4.o)
 .text.libgcc.fmul
                0x00000000        0x0 c:/program files (x86)/arduino/hardware/tools/avr/bin/../lib/gcc/avr/5.4.0/avr5\libgcc.a(_udivmodhi4.o)
 .text.libgcc.fixed
                0x00000000        0x0 c:/program files (x86)/arduino/hardware/tools/avr/bin/../lib/gcc/avr/5.4.0/avr5\libgcc.a(_udivmodhi4.o)
 .text          0x00000000        0x0 c:/program files (x86)/arduino/hardware/tools/avr/bin/../lib/gcc/avr/5.4.0/../../../../avr/lib/avr5\libatmega32u4.a(eerd_byte.o)
 .data          0x00000000        0x0 c:/program files (x86)/arduino/hardware/tools/avr/bin/../lib/gcc/avr/5.4.0/../../../../avr/lib/avr5\libatmega32u4.a(eerd_byte.o)
 .bss           0x00000000        0x0 c:/program files (x86)/arduino/hardware/tools/avr/bin/../lib/gcc/avr/5.4.0/../../../../avr/lib/avr5\libatmega32u4.a(eerd_byte.o)
 .text.avr-libc
                0x00000000       0x10 c:/program files (x86)/arduino/hardware/tools/avr/bin/../lib/gcc/avr/5.4.0/../../../../avr/lib/avr5\libatmega32u4.a(eerd_byte.o)
 .text          0x00000000        0x0 c:/program files (x86)/arduino/hardware/tools/avr/bin/../lib/gcc/avr/5.4.0/../../../../avr/lib/avr5\libatmega32u4.a(eeupd_byte.o)
 .data          0x00000000        0x0 c:/program files (x86)/arduino/hardware/tools/avr/bin/../lib/gcc/avr/5.4.0/../../../../avr/lib/avr5\libatmega32u4.a(eeupd_byte.o)
 .bss           0x00000000        0x0 c:/program files (x86)/arduino/hardware/tools/avr/bin/../lib/gcc/avr/5.4.0/../../../../avr/lib/avr5\libatmega32u4.a(eeupd_byte.o)
 .text.avr-libc
                0x00000000       0x24 c:/program files (x86)/arduino/hardware/tools/avr/bin/../lib/gcc/avr/5.4.0/../../../../avr/lib/avr5\libatmega32u4.a(eeupd_byte.o)

Memory Configuration

Name             Origin             Length             Attributes
text             0x00000000         0x00020000         xr
data             0x00800060         0x0000ffa0         rw !x
eeprom           0x00810000         0x00010000         rw !x
fuse             0x00820000         0x00000003         rw !x
lock             0x00830000         0x00000400         rw !x
signature        0x00840000         0x00000400         rw !x
user_signatures  0x00850000         0x00000400         rw !x
*default*        0x00000000         0xffffffff

Linker script and memory map

Address of section .data set to 0x800100
LOAD c:/program files (x86)/arduino/hardware/tools/avr/bin/../lib/gcc/avr/5.4.0/../../../../avr/lib/avr5/crtatmega32u4.o
LOAD obj/Joystick.o
LOAD obj/Descriptors.o
LOAD obj/image.o
LOAD obj/HIDParser.o
LOAD obj/Device_AVR8.o
LOAD obj/EndpointStream_AVR8.o
LOAD obj/Endpoint_AVR8.o
LOAD obj/Host_AVR8.o
LOAD obj/PipeStream_AVR8.o
LOAD obj/Pipe_AVR8.o
LOAD obj/USBController_AVR8.o
LOAD obj/USBInterrupt_AVR8.o
LOAD obj/ConfigDescriptors.o
LOAD obj/DeviceStandardReq.o
LOAD obj/Events.o
LOAD obj/HostStandardReq.o
LOAD obj/USBTask.o
LOAD c:/program files (x86)/arduino/hardware/tools/avr/bin/../lib/gcc/avr/5.4.0/../../../../avr/lib/avr5\libm.a
START GROUP
LOAD c:/program files (x86)/arduino/hardware/tools/avr/bin/../lib/gcc/avr/5.4.0/avr5\libgcc.a
LOAD c:/program files (x86)/arduino/hardware/tools/avr/bin/../lib/gcc/avr/5.4.0/../../../../avr/lib/avr5\libm.a
LOAD c:/program files (x86)/arduino/hardware/tools/avr/bin/../lib/gcc/avr/5.4.0/../../../../avr/lib/avr5\libc.a
LOAD c:/program files (x86)/arduino/hardware/tools/avr/bin/../lib/gcc/avr/5.4.0/../../../../avr/lib/avr5\libatmega32u4.a
END GROUP
                0x00020000                __TEXT_REGION_LENGTH__ = DEFINED (__TEXT_REGION_LENGTH__)?__TEXT_REGION_LENGTH__:0x20000
                0x0000ffa0                __DATA_REGION_LENGTH__ = DEFINED (__DATA_REGION_LENGTH__)?__DATA_REGION_LENGTH__:0xffa0
                0x00010000                __EEPROM_REGION_LENGTH__ = DEFINED (__EEPROM_REGION_LENGTH__)?__EEPROM_REGION_LENGTH__:0x10000
                [0x00000003]                __FUSE_REGION_LENGTH__ = DEFINED (__FUSE_REGION_LENGTH__)?__FUSE_REGION_LENGTH__:0x400
                0x00000400                __LOCK_REGION_LENGTH__ = DEFINED (__LOCK_REGION_LENGTH__)?__LOCK_REGION_LENGTH__:0x400
                0x00000400                __SIGNATURE_REGION_LENGTH__ = DEFINED (__SIGNATURE_REGION_LENGTH__)?__SIGNATURE_REGION_LENGTH__:0x400
                0x00000400                __USER_SIGNATURE_REGION_LENGTH__ = DEFINED (__USER_SIGNATURE_REGION_LENGTH__)?__USER_SIGNATURE_REGION_LENGTH__:0x400

.hash
 *(.hash)

.dynsym
 *(.dynsym)

.dynstr
 *(.dynstr)

.gnu.version
 *(.gnu.version)

.gnu.version_d
 *(.gnu.version_d)

.gnu.version_r
 *(.gnu.version_r)

.rel.init
 *(.rel.init)

.rela.init
 *(.rela.init)

.rel.text
 *(.rel.text)
 *(.rel.text.*)
 *(.rel.gnu.linkonce.t*)

.rela.text
 *(.rela.text)
 *(.rela.text.*)
 *(.rela.gnu.linkonce.t*)

.rel.fini
 *(.rel.fini)

.rela.fini
 *(.rela.fini)

.rel.rodata
 *(.rel.rodata)
 *(.rel.rodata.*)
 *(.rel.gnu.linkonce.r*)

.rela.rodata
 *(.rela.rodata)
 *(.rela.rodata.*)
 *(.rela.gnu.linkonce.r*)

.rel.data
 *(.rel.data)
 *(.rel.data.*)
 *(.rel.gnu.linkonce.d*)

.rela.data
 *(.rela.data)
 *(.rela.data.*)
 *(.rela.gnu.linkonce.d*)

.rel.ctors
 *(.rel.ctors)

.rela.ctors
 *(.rela.ctors)

.rel.dtors
 *(.rel.dtors)

.rela.dtors
 *(.rela.dtors)

.rel.got
 *(.rel.got)

.rela.got
 *(.rela.got)

.rel.bss
 *(.rel.bss)

.rela.bss
 *(.rela.bss)

.rel.plt
 *(.rel.plt)

.rela.plt
 *(.rela.plt)

.text           0x00000000     0x21e2
 *(.vectors)
 .vectors       0x00000000       0xac c:/program files (x86)/arduino/hardware/tools/avr/bin/../lib/gcc/avr/5.4.0/../../../../avr/lib/avr5/crtatmega32u4.o
                0x00000000                __vector_default
                0x00000000                __vectors
 *(.vectors)
 *(.progmem.gcc*)
                0x000000ac                . = ALIGN (0x2)
                0x000000ac                __trampolines_start = .
 *(.trampolines)
 .trampolines   0x000000ac        0x0 linker stubs
 *(.trampolines*)
                0x000000ac                __trampolines_end = .
 *libprintf_flt.a:*(.progmem.data)
 *libc.a:*(.progmem.data)
 *(.progmem*)
 .progmem.data  0x000000ac       0xd9 obj/Descriptors.o
                0x000000ac                ProductString
                0x000000d2                ManufacturerString
                0x000000f0                LanguageString
                0x000000f4                ConfigurationDescriptor
                0x0000011d                DeviceDescriptor
                0x0000012f                JoystickReport
 .progmem.data  0x00000185     0x12c1 obj/image.o
                0x00000185                image_data
                0x00001446                . = ALIGN (0x2)
 *(.jumptables)
 *(.jumptables*)
 *(.lowtext)
 *(.lowtext*)
                0x00001446                __ctors_start = .
 *(.ctors)
                0x00001446                __ctors_end = .
                0x00001446                __dtors_start = .
 *(.dtors)
                0x00001446                __dtors_end = .
 SORT(*)(.ctors)
 SORT(*)(.dtors)
 *(.init0)
 .init0         0x00001446        0x0 c:/program files (x86)/arduino/hardware/tools/avr/bin/../lib/gcc/avr/5.4.0/../../../../avr/lib/avr5/crtatmega32u4.o
                0x00001446                __init
 *(.init0)
 *(.init1)
 *(.init1)
 *(.init2)
 .init2         0x00001446        0xc c:/program files (x86)/arduino/hardware/tools/avr/bin/../lib/gcc/avr/5.4.0/../../../../avr/lib/avr5/crtatmega32u4.o
 *(.init2)
 *(.init3)
 *(.init3)
 *(.init4)
 .init4         0x00001452       0x10 c:/program files (x86)/arduino/hardware/tools/avr/bin/../lib/gcc/avr/5.4.0/avr5\libgcc.a(_clear_bss.o)
                0x00001452                __do_clear_bss
 *(.init4)
 *(.init5)
 *(.init5)
 *(.init6)
 *(.init6)
 *(.init7)
 *(.init7)
 *(.init8)
 *(.init8)
 *(.init9)
 .init9         0x00001462        0x4 c:/program files (x86)/arduino/hardware/tools/avr/bin/../lib/gcc/avr/5.4.0/../../../../avr/lib/avr5/crtatmega32u4.o
 *(.init9)
 *(.text)
 .text          0x00001466        0x4 c:/program files (x86)/arduino/hardware/tools/avr/bin/../lib/gcc/avr/5.4.0/../../../../avr/lib/avr5/crtatmega32u4.o
                0x00001466                __vector_38
                0x00001466                __vector_22
                0x00001466                __vector_28
                0x00001466                __vector_1
                0x00001466                __vector_32
                0x00001466                __vector_34
                0x00001466                __vector_24
                0x00001466                __vector_12
                0x00001466                __bad_interrupt
                0x00001466                __vector_6
                0x00001466                __vector_31
                0x00001466                __vector_35
                0x00001466                __vector_39
                0x00001466                __vector_3
                0x00001466                __vector_23
                0x00001466                __vector_30
                0x00001466                __vector_25
                0x00001466                __vector_11
                0x00001466                __vector_13
                0x00001466                __vector_17
                0x00001466                __vector_19
                0x00001466                __vector_7
                0x00001466                __vector_41
                0x00001466                __vector_27
                0x00001466                __vector_5
                0x00001466                __vector_33
                0x00001466                __vector_37
                0x00001466                __vector_4
                0x00001466                __vector_9
                0x00001466                __vector_2
                0x00001466                __vector_21
                0x00001466                __vector_15
                0x00001466                __vector_36
                0x00001466                __vector_29
                0x00001466                __vector_40
                0x00001466                __vector_8
                0x00001466                __vector_26
                0x00001466                __vector_14
                0x00001466                __vector_16
                0x00001466                __vector_18
                0x00001466                __vector_20
                0x00001466                __vector_42
                0x0000146a                . = ALIGN (0x2)
 *(.text.*)
 .text.SetupHardware
                0x0000146a       0x30 obj/Joystick.o
                0x0000146a                SetupHardware
 .text.EVENT_USB_Device_Connect
                0x0000149a        0x2 obj/Joystick.o
                0x0000149a                EVENT_USB_Device_Connect
 .text.EVENT_USB_Device_Disconnect
                0x0000149c        0x2 obj/Joystick.o
                0x0000149c                EVENT_USB_Device_Disconnect
 .text.EVENT_USB_Device_ConfigurationChanged
                0x0000149e       0x10 obj/Joystick.o
                0x0000149e                EVENT_USB_Device_ConfigurationChanged
 .text.EVENT_USB_Device_ControlRequest
                0x000014ae        0x2 obj/Joystick.o
                0x000014ae                EVENT_USB_Device_ControlRequest
 .text.complete_zig_zag_pattern
                0x000014b0       0x84 obj/Joystick.o
                0x000014b0                complete_zig_zag_pattern
 .text.GetNextReport
                0x00001534      0x24e obj/Joystick.o
                0x00001534                GetNextReport
 .text.HID_Task
                0x00001782       0x88 obj/Joystick.o
                0x00001782                HID_Task
 .text.startup.main
                0x0000180a        0xa obj/Joystick.o
                0x0000180a                main
 .text.CALLBACK_USB_GetDescriptor
                0x00001814       0x82 obj/Descriptors.o
                0x00001814                CALLBACK_USB_GetDescriptor
 .text.Endpoint_Write_Stream_LE
                0x00001896       0x94 obj/EndpointStream_AVR8.o
                0x00001896                Endpoint_Write_Stream_LE
 .text.Endpoint_Read_Stream_LE
                0x0000192a       0x94 obj/EndpointStream_AVR8.o
                0x0000192a                Endpoint_Read_Stream_LE
 .text.Endpoint_Write_Control_Stream_LE
                0x000019be       0xc2 obj/EndpointStream_AVR8.o
                0x000019be                Endpoint_Write_Control_Stream_LE
 .text.Endpoint_Write_Control_PStream_LE
                0x00001a80       0xc4 obj/EndpointStream_AVR8.o
                0x00001a80                Endpoint_Write_Control_PStream_LE
 .text.Endpoint_ConfigureEndpoint_Prv
                0x00001b44       0x6a obj/Endpoint_AVR8.o
                0x00001b44                Endpoint_ConfigureEndpoint_Prv
 .text.Endpoint_ClearStatusStage
                0x00001bae       0x3e obj/Endpoint_AVR8.o
                0x00001bae                Endpoint_ClearStatusStage
 .text.Endpoint_WaitUntilReady
                0x00001bec       0x66 obj/Endpoint_AVR8.o
                0x00001bec                Endpoint_WaitUntilReady
 .text.USB_ResetInterface
                0x00001c52       0x80 obj/USBController_AVR8.o
                0x00001c52                USB_ResetInterface
 .text.USB_Init
                0x00001cd2       0x20 obj/USBController_AVR8.o
                0x00001cd2                USB_Init
 .text.USB_INT_DisableAllInterrupts
                0x00001cf2       0x10 obj/USBInterrupt_AVR8.o
                0x00001cf2                USB_INT_DisableAllInterrupts
 .text.USB_INT_ClearAllInterrupts
                0x00001d02        0xa obj/USBInterrupt_AVR8.o
                0x00001d02                USB_INT_ClearAllInterrupts
 .text.__vector_10
                0x00001d0c      0x18c obj/USBInterrupt_AVR8.o
                0x00001d0c                __vector_10
 .text.USB_Device_ProcessControlRequest
                0x00001e98      0x2c2 obj/DeviceStandardReq.o
                0x00001e98                USB_Device_ProcessControlRequest
 .text.USB_Event_Stub
                0x0000215a        0x2 obj/Events.o
                0x0000215a                USB_Event_Stub
                0x0000215a                EVENT_USB_Device_Suspend
                0x0000215a                EVENT_USB_Device_StartOfFrame
                0x0000215a                EVENT_USB_Device_Reset
                0x0000215a                EVENT_USB_Device_WakeUp
 .text.USB_USBTask
                0x0000215c       0x34 obj/USBTask.o
                0x0000215c                USB_USBTask
 .text.libgcc.div
                0x00002190       0x26 c:/program files (x86)/arduino/hardware/tools/avr/bin/../lib/gcc/avr/5.4.0/avr5\libgcc.a(_divmodhi4.o)
                0x00002190                _div
                0x00002190                __divmodhi4
 .text.libgcc.div
                0x000021b6       0x28 c:/program files (x86)/arduino/hardware/tools/avr/bin/../lib/gcc/avr/5.4.0/avr5\libgcc.a(_udivmodhi4.o)
                0x000021b6                __udivmodhi4
                0x000021de                . = ALIGN (0x2)
 *(.fini9)
 .fini9         0x000021de        0x0 c:/program files (x86)/arduino/hardware/tools/avr/bin/../lib/gcc/avr/5.4.0/avr5\libgcc.a(_exit.o)
                0x000021de                _exit
                0x000021de                exit
 *(.fini9)
 *(.fini8)
 *(.fini8)
 *(.fini7)
 *(.fini7)
 *(.fini6)
 *(.fini6)
 *(.fini5)
 *(.fini5)
 *(.fini4)
 *(.fini4)
 *(.fini3)
 *(.fini3)
 *(.fini2)
 *(.fini2)
 *(.fini1)
 *(.fini1)
 *(.fini0)
 .fini0         0x000021de        0x4 c:/program files (x86)/arduino/hardware/tools/avr/bin/../lib/gcc/avr/5.4.0/avr5\libgcc.a(_exit.o)
 *(.fini0)
                0x000021e2                _etext = .

.data           0x00800100        0x0 load address 0x000021e2
                [!provide]                PROVIDE (__data_start, .)
 *(.data)
 *(.data*)
 *(.gnu.linkonce.d*)
 *(.rodata)
 *(.rodata*)
 *(.gnu.linkonce.r*)
                0x00800100                . = ALIGN (0x2)
                0x00800100                _edata = .
                [!provide]                PROVIDE (__data_end, .)

.bss            0x00800100       0x22
                0x00800100                PROVIDE (__bss_start, .)
 *(.bss)
 .bss           0x00800100        0xd obj/Joystick.o
                0x00800100                portsval
                0x00800102                ypos
                0x00800104                xpos
                0x00800106                report_count
                0x00800108                command_count
                0x0080010a                echoes
                0x0080010c                state
 *(.bss*)
 *(COMMON)
 COMMON         0x0080010d        0x8 obj/Joystick.o
                0x0080010d                last_report
 COMMON         0x00800115        0x3 obj/DeviceStandardReq.o
                0x00800115                USB_Device_ConfigurationNumber
                0x00800116                USB_Device_CurrentlySelfPowered
                0x00800117                USB_Device_RemoteWakeupEnabled
 COMMON         0x00800118        0xa obj/USBTask.o
                0x00800118                USB_IsInitialized
                0x00800119                USB_DeviceState
                0x0080011a                USB_ControlRequest
                0x00800122                PROVIDE (__bss_end, .)
                0x000021e2                __data_load_start = LOADADDR (.data)
                0x000021e2                __data_load_end = (__data_load_start + SIZEOF (.data))

.noinit         0x00800122        0x0
                [!provide]                PROVIDE (__noinit_start, .)
 *(.noinit*)
                [!provide]                PROVIDE (__noinit_end, .)
                0x00800122                _end = .
                [!provide]                PROVIDE (__heap_start, .)

.eeprom         0x00810000        0x0
 *(.eeprom*)
                0x00810000                __eeprom_end = .

.fuse
 *(.fuse)
 *(.lfuse)
 *(.hfuse)
 *(.efuse)

.lock
 *(.lock*)

.signature
 *(.signature*)

.user_signatures
 *(.user_signatures*)

.stab
 *(.stab)

.stabstr
 *(.stabstr)

.stab.excl
 *(.stab.excl)

.stab.exclstr
 *(.stab.exclstr)

.stab.index
 *(.stab.index)

.stab.indexstr
 *(.stab.indexstr)

.comment        0x00000000       0x11
 *(.comment)
 .comment       0x00000000       0x11 obj/Joystick.o
                                 0x12 (size before relaxing)
 .comment       0x00000011       0x12 obj/Descriptors.o
 .comment       0x00000011       0x12 obj/image.o
 .comment       0x00000011       0x12 obj/EndpointStream_AVR8.o
 .comment       0x00000011       0x12 obj/Endpoint_AVR8.o
 .comment       0x00000011       0x12 obj/USBController_AVR8.o
 .comment       0x00000011       0x12 obj/USBInterrupt_AVR8.o
 .comment       0x00000011       0x12 obj/DeviceStandardReq.o
 .comment       0x00000011       0x12 obj/Events.o
 .comment       0x00000011       0x12 obj/USBTask.o

.note.gnu.avr.deviceinfo
                0x00000000       0x40
 .note.gnu.avr.deviceinfo
                0x00000000       0x40 c:/program files (x86)/arduino/hardware/tools/avr/bin/../lib/gcc/avr/5.4.0/../../../../avr/lib/avr5/crtatmega32u4.o

.note.gnu.build-id
 *(.note.gnu.build-id)

.debug
 *(.debug)

.line
 *(.line)

.debug_srcinfo
 *(.debug_srcinfo)

.debug_sfnames
 *(.debug_sfnames)

.debug_aranges  0x00000000      0x2d0
 *(.debug_aranges)
 .debug_aranges
                0x00000000       0x50 obj/Joystick.o
 .debug_aranges
                0x00000050       0x20 obj/Descriptors.o
 .debug_aranges
                0x00000070       0x18 obj/image.o
 .debug_aranges
                0x00000088       0xc8 obj/EndpointStream_AVR8.o
 .debug_aranges
                0x00000150       0x40 obj/Endpoint_AVR8.o
 .debug_aranges
                0x00000190       0x30 obj/USBController_AVR8.o
 .debug_aranges
                0x000001c0       0x30 obj/USBInterrupt_AVR8.o
 .debug_aranges
                0x000001f0       0x20 obj/DeviceStandardReq.o
 .debug_aranges
                0x00000210       0x20 obj/Events.o
 .debug_aranges
                0x00000230       0x20 obj/USBTask.o
 .debug_aranges
                0x00000250       0x20 c:/program files (x86)/arduino/hardware/tools/avr/bin/../lib/gcc/avr/5.4.0/avr5\libgcc.a(_divmodhi4.o)
 .debug_aranges
                0x00000270       0x20 c:/program files (x86)/arduino/hardware/tools/avr/bin/../lib/gcc/avr/5.4.0/avr5\libgcc.a(_exit.o)
 .debug_aranges
                0x00000290       0x20 c:/program files (x86)/arduino/hardware/tools/avr/bin/../lib/gcc/avr/5.4.0/avr5\libgcc.a(_clear_bss.o)
 .debug_aranges
                0x000002b0       0x20 c:/program files (x86)/arduino/hardware/tools/avr/bin/../lib/gcc/avr/5.4.0/avr5\libgcc.a(_udivmodhi4.o)

.debug_pubnames
 *(.debug_pubnames)

.debug_info     0x00000000     0x53e2
 *(.debug_info .gnu.linkonce.wi.*)
 .debug_info    0x00000000      0x9f4 c:/program files (x86)/arduino/hardware/tools/avr/bin/../lib/gcc/avr/5.4.0/../../../../avr/lib/avr5/crtatmega32u4.o
 .debug_info    0x000009f4      0x86a obj/Joystick.o
 .debug_info    0x0000125e      0x70e obj/Descriptors.o
 .debug_info    0x0000196c       0x95 obj/image.o
 .debug_info    0x00001a01     0x182f obj/EndpointStream_AVR8.o
 .debug_info    0x00003230      0x620 obj/Endpoint_AVR8.o
 .debug_info    0x00003850      0x4e8 obj/USBController_AVR8.o
 .debug_info    0x00003d38      0x688 obj/USBInterrupt_AVR8.o
 .debug_info    0x000043c0      0xa4c obj/DeviceStandardReq.o
 .debug_info    0x00004e0c       0x78 obj/Events.o
 .debug_info    0x00004e84      0x272 obj/USBTask.o
 .debug_info    0x000050f6       0xbb c:/program files (x86)/arduino/hardware/tools/avr/bin/../lib/gcc/avr/5.4.0/avr5\libgcc.a(_divmodhi4.o)
 .debug_info    0x000051b1       0xbb c:/program files (x86)/arduino/hardware/tools/avr/bin/../lib/gcc/avr/5.4.0/avr5\libgcc.a(_exit.o)
 .debug_info    0x0000526c       0xbb c:/program files (x86)/arduino/hardware/tools/avr/bin/../lib/gcc/avr/5.4.0/avr5\libgcc.a(_clear_bss.o)
 .debug_info    0x00005327       0xbb c:/program files (x86)/arduino/hardware/tools/avr/bin/../lib/gcc/avr/5.4.0/avr5\libgcc.a(_udivmodhi4.o)

.debug_abbrev   0x00000000     0x1a50
 *(.debug_abbrev)
 .debug_abbrev  0x00000000      0x96a c:/program files (x86)/arduino/hardware/tools/avr/bin/../lib/gcc/avr/5.4.0/../../../../avr/lib/avr5/crtatmega32u4.o
 .debug_abbrev  0x0000096a      0x326 obj/Joystick.o
 .debug_abbrev  0x00000c90      0x173 obj/Descriptors.o
 .debug_abbrev  0x00000e03       0x5d obj/image.o
 .debug_abbrev  0x00000e60      0x1ea obj/EndpointStream_AVR8.o
 .debug_abbrev  0x0000104a      0x226 obj/Endpoint_AVR8.o
 .debug_abbrev  0x00001270      0x191 obj/USBController_AVR8.o
 .debug_abbrev  0x00001401      0x1b4 obj/USBInterrupt_AVR8.o
 .debug_abbrev  0x000015b5      0x29c obj/DeviceStandardReq.o
 .debug_abbrev  0x00001851       0x44 obj/Events.o
 .debug_abbrev  0x00001895      0x16b obj/USBTask.o
 .debug_abbrev  0x00001a00       0x14 c:/program files (x86)/arduino/hardware/tools/avr/bin/../lib/gcc/avr/5.4.0/avr5\libgcc.a(_divmodhi4.o)
 .debug_abbrev  0x00001a14       0x14 c:/program files (x86)/arduino/hardware/tools/avr/bin/../lib/gcc/avr/5.4.0/avr5\libgcc.a(_exit.o)
 .debug_abbrev  0x00001a28       0x14 c:/program files (x86)/arduino/hardware/tools/avr/bin/../lib/gcc/avr/5.4.0/avr5\libgcc.a(_clear_bss.o)
 .debug_abbrev  0x00001a3c       0x14 c:/program files (x86)/arduino/hardware/tools/avr/bin/../lib/gcc/avr/5.4.0/avr5\libgcc.a(_udivmodhi4.o)

.debug_line     0x00000000     0x3141
 *(.debug_line .debug_line.* .debug_line_end)
 .debug_line    0x00000000       0x1a c:/program files (x86)/arduino/hardware/tools/avr/bin/../lib/gcc/avr/5.4.0/../../../../avr/lib/avr5/crtatmega32u4.o
 .debug_line    0x0000001a      0x54e obj/Joystick.o
 .debug_line    0x00000568      0x23d obj/Descriptors.o
 .debug_line    0x000007a5       0x6f obj/image.o
 .debug_line    0x00000814     0x145b obj/EndpointStream_AVR8.o
 .debug_line    0x00001c6f      0x492 obj/Endpoint_AVR8.o
 .debug_line    0x00002101      0x2f9 obj/USBController_AVR8.o
 .debug_line    0x000023fa      0x46c obj/USBInterrupt_AVR8.o
 .debug_line    0x00002866      0x48a obj/DeviceStandardReq.o
 .debug_line    0x00002cf0       0x53 obj/Events.o
 .debug_line    0x00002d43      0x180 obj/USBTask.o
 .debug_line    0x00002ec3       0xc8 c:/program files (x86)/arduino/hardware/tools/avr/bin/../lib/gcc/avr/5.4.0/avr5\libgcc.a(_divmodhi4.o)
 .debug_line    0x00002f8b       0x62 c:/program files (x86)/arduino/hardware/tools/avr/bin/../lib/gcc/avr/5.4.0/avr5\libgcc.a(_exit.o)
 .debug_line    0x00002fed       0x86 c:/program files (x86)/arduino/hardware/tools/avr/bin/../lib/gcc/avr/5.4.0/avr5\libgcc.a(_clear_bss.o)
 .debug_line    0x00003073       0xce c:/program files (x86)/arduino/hardware/tools/avr/bin/../lib/gcc/avr/5.4.0/avr5\libgcc.a(_udivmodhi4.o)

.debug_frame    0x00000000      0x688
 *(.debug_frame)
 .debug_frame   0x00000000       0xc0 obj/Joystick.o
 .debug_frame   0x000000c0       0x24 obj/Descriptors.o
 .debug_frame   0x000000e4      0x3bc obj/EndpointStream_AVR8.o
 .debug_frame   0x000004a0       0x78 obj/Endpoint_AVR8.o
 .debug_frame   0x00000518       0x58 obj/USBController_AVR8.o
 .debug_frame   0x00000570       0x8c obj/USBInterrupt_AVR8.o
 .debug_frame   0x000005fc       0x3c obj/DeviceStandardReq.o
 .debug_frame   0x00000638       0x24 obj/Events.o
 .debug_frame   0x0000065c       0x2c obj/USBTask.o

.debug_str      0x00000000     0x21e3
 *(.debug_str)
 .debug_str     0x00000000      0x371 c:/program files (x86)/arduino/hardware/tools/avr/bin/../lib/gcc/avr/5.4.0/../../../../avr/lib/avr5/crtatmega32u4.o
 .debug_str     0x00000371      0x69b obj/Joystick.o
                                0x6f3 (size before relaxing)
 .debug_str     0x00000a0c      0x74a obj/Descriptors.o
                                0x97e (size before relaxing)
 .debug_str     0x00001156        0x8 obj/image.o
                                0x1ca (size before relaxing)
 .debug_str     0x0000115e      0x54f obj/EndpointStream_AVR8.o
                                0x8a3 (size before relaxing)
 .debug_str     0x000016ad      0x26c obj/Endpoint_AVR8.o
                                0x657 (size before relaxing)
 .debug_str     0x00001919      0x28e obj/USBController_AVR8.o
                                0x596 (size before relaxing)
 .debug_str     0x00001ba7      0x168 obj/USBInterrupt_AVR8.o
                                0x56b (size before relaxing)
 .debug_str     0x00001d0f      0x440 obj/DeviceStandardReq.o
                                0xa09 (size before relaxing)
 .debug_str     0x0000214f       0x35 obj/Events.o
                                0x1db (size before relaxing)
 .debug_str     0x00002184       0x5f obj/USBTask.o
                                0x3bc (size before relaxing)

.debug_loc      0x00000000     0x2e53
 *(.debug_loc)
 .debug_loc     0x00000000      0x223 obj/Joystick.o
 .debug_loc     0x00000223      0x24b obj/Descriptors.o
 .debug_loc     0x0000046e     0x1f97 obj/EndpointStream_AVR8.o
 .debug_loc     0x00002405      0x38d obj/Endpoint_AVR8.o
 .debug_loc     0x00002792       0xd6 obj/USBController_AVR8.o
 .debug_loc     0x00002868      0x2ac obj/USBInterrupt_AVR8.o
 .debug_loc     0x00002b14      0x2f6 obj/DeviceStandardReq.o
 .debug_loc     0x00002e0a       0x49 obj/USBTask.o

.debug_macinfo
 *(.debug_macinfo)

.debug_weaknames
 *(.debug_weaknames)

.debug_funcnames
 *(.debug_funcnames)

.debug_typenames
 *(.debug_typenames)

.debug_varnames
 *(.debug_varnames)

.debug_pubtypes
 *(.debug_pubtypes)

.debug_ranges   0x00000000      0x360
 *(.debug_ranges)
 .debug_ranges  0x00000000       0x40 obj/Joystick.o
 .debug_ranges  0x00000040       0x28 obj/Descriptors.o
 .debug_ranges  0x00000068      0x1f8 obj/EndpointStream_AVR8.o
 .debug_ranges  0x00000260       0x78 obj/Endpoint_AVR8.o
 .debug_ranges  0x000002d8       0x20 obj/USBController_AVR8.o
 .debug_ranges  0x000002f8       0x20 obj/USBInterrupt_AVR8.o
 .debug_ranges  0x00000318       0x28 obj/DeviceStandardReq.o
 .debug_ranges  0x00000340       0x10 obj/Events.o
 .debug_ranges  0x00000350       0x10 obj/USBTask.o

.debug_macro
 *(.debug_macro)
OUTPUT(Joystick.elf elf32-avr)
LOAD linker stubs

Cross Reference Table

Symbol                                            File
CALLBACK_HIDParser_FilterHIDReportItem            obj/HIDParser.o
CALLBACK_USB_GetDescriptor                        obj/Descriptors.o
                                                  obj/DeviceStandardReq.o
ConfigurationDescriptor                           obj/Descriptors.o
DeviceDescriptor                                  obj/Descriptors.o
EVENT_USB_Device_ConfigurationChanged             obj/Joystick.o
                                                  obj/DeviceStandardReq.o
EVENT_USB_Device_Connect                          obj/Joystick.o
                                                  obj/USBInterrupt_AVR8.o
EVENT_USB_Device_ControlRequest                   obj/Joystick.o
                                                  obj/DeviceStandardReq.o
EVENT_USB_Device_Disconnect                       obj/Joystick.o
                                                  obj/USBInterrupt_AVR8.o
EVENT_USB_Device_Reset                            obj/Events.o
                                                  obj/USBInterrupt_AVR8.o
EVENT_USB_Device_StartOfFrame                     obj/Events.o
                                                  obj/USBInterrupt_AVR8.o
EVENT_USB_Device_Suspend                          obj/Events.o
                                                  obj/USBInterrupt_AVR8.o
EVENT_USB_Device_WakeUp                           obj/Events.o
                                                  obj/USBInterrupt_AVR8.o
Endpoint_ClearEndpoints                           obj/Endpoint_AVR8.o
Endpoint_ClearStatusStage                         obj/Endpoint_AVR8.o
                                                  obj/DeviceStandardReq.o
Endpoint_ConfigureEndpointTable                   obj/Endpoint_AVR8.o
Endpoint_ConfigureEndpoint_Prv                    obj/Endpoint_AVR8.o
                                                  obj/USBInterrupt_AVR8.o
                                                  obj/USBController_AVR8.o
                                                  obj/Joystick.o
Endpoint_Discard_Stream                           obj/EndpointStream_AVR8.o
Endpoint_Null_Stream                              obj/EndpointStream_AVR8.o
Endpoint_Read_Control_EStream_BE                  obj/EndpointStream_AVR8.o
Endpoint_Read_Control_EStream_LE                  obj/EndpointStream_AVR8.o
Endpoint_Read_Control_Stream_BE                   obj/EndpointStream_AVR8.o
Endpoint_Read_Control_Stream_LE                   obj/EndpointStream_AVR8.o
Endpoint_Read_EStream_BE                          obj/EndpointStream_AVR8.o
Endpoint_Read_EStream_LE                          obj/EndpointStream_AVR8.o
Endpoint_Read_Stream_BE                           obj/EndpointStream_AVR8.o
Endpoint_Read_Stream_LE                           obj/EndpointStream_AVR8.o
                                                  obj/Joystick.o
Endpoint_WaitUntilReady                           obj/Endpoint_AVR8.o
                                                  obj/EndpointStream_AVR8.o
Endpoint_Write_Control_EStream_BE                 obj/EndpointStream_AVR8.o
Endpoint_Write_Control_EStream_LE                 obj/EndpointStream_AVR8.o
Endpoint_Write_Control_PStream_BE                 obj/EndpointStream_AVR8.o
Endpoint_Write_Control_PStream_LE                 obj/EndpointStream_AVR8.o
                                                  obj/DeviceStandardReq.o
Endpoint_Write_Control_Stream_BE                  obj/EndpointStream_AVR8.o
Endpoint_Write_Control_Stream_LE                  obj/EndpointStream_AVR8.o
                                                  obj/DeviceStandardReq.o
Endpoint_Write_EStream_BE                         obj/EndpointStream_AVR8.o
Endpoint_Write_EStream_LE                         obj/EndpointStream_AVR8.o
Endpoint_Write_PStream_BE                         obj/EndpointStream_AVR8.o
Endpoint_Write_PStream_LE                         obj/EndpointStream_AVR8.o
Endpoint_Write_Stream_BE                          obj/EndpointStream_AVR8.o
Endpoint_Write_Stream_LE                          obj/EndpointStream_AVR8.o
                                                  obj/Joystick.o
GetNextReport                                     obj/Joystick.o
HID_Task                                          obj/Joystick.o
JoystickReport                                    obj/Descriptors.o
LanguageString                                    obj/Descriptors.o
ManufacturerString                                obj/Descriptors.o
ProductString                                     obj/Descriptors.o
SetupHardware                                     obj/Joystick.o
USB_ControlRequest                                obj/USBTask.o
                                                  obj/DeviceStandardReq.o
                                                  obj/Endpoint_AVR8.o
                                                  obj/EndpointStream_AVR8.o
USB_DeviceState                                   obj/USBTask.o
                                                  obj/DeviceStandardReq.o
                                                  obj/USBInterrupt_AVR8.o
                                                  obj/USBController_AVR8.o
                                                  obj/Endpoint_AVR8.o
                                                  obj/EndpointStream_AVR8.o
                                                  obj/Joystick.o
USB_Device_ConfigurationNumber                    obj/DeviceStandardReq.o
                                                  obj/USBInterrupt_AVR8.o
                                                  obj/USBController_AVR8.o
USB_Device_CurrentlySelfPowered                   obj/DeviceStandardReq.o
                                                  obj/USBController_AVR8.o
USB_Device_ProcessControlRequest                  obj/DeviceStandardReq.o
                                                  obj/USBTask.o
USB_Device_RemoteWakeupEnabled                    obj/DeviceStandardReq.o
                                                  obj/USBController_AVR8.o
USB_Device_SendRemoteWakeup                       obj/Device_AVR8.o
USB_Disable                                       obj/USBController_AVR8.o
USB_Event_Stub                                    obj/Events.o
USB_GetHIDReportItemInfo                          obj/HIDParser.o
USB_GetHIDReportSize                              obj/HIDParser.o
USB_GetNextDescriptorComp                         obj/ConfigDescriptors.o
USB_GetNextDescriptorOfType                       obj/ConfigDescriptors.o
USB_GetNextDescriptorOfTypeAfter                  obj/ConfigDescriptors.o
USB_GetNextDescriptorOfTypeBefore                 obj/ConfigDescriptors.o
USB_INT_ClearAllInterrupts                        obj/USBInterrupt_AVR8.o
                                                  obj/USBController_AVR8.o
USB_INT_DisableAllInterrupts                      obj/USBInterrupt_AVR8.o
                                                  obj/USBController_AVR8.o
USB_Init                                          obj/USBController_AVR8.o
                                                  obj/Joystick.o
USB_IsInitialized                                 obj/USBTask.o
                                                  obj/USBController_AVR8.o
USB_ProcessHIDReport                              obj/HIDParser.o
USB_ResetInterface                                obj/USBController_AVR8.o
USB_SetHIDReportItemInfo                          obj/HIDParser.o
USB_USBTask                                       obj/USBTask.o
                                                  obj/EndpointStream_AVR8.o
                                                  obj/Joystick.o
__FUSE_REGION_LENGTH__                            c:/program files (x86)/arduino/hardware/tools/avr/bin/../lib/gcc/avr/5.4.0/../../../../avr/lib/avr5/crtatmega32u4.o
__bad_interrupt                                   c:/program files (x86)/arduino/hardware/tools/avr/bin/../lib/gcc/avr/5.4.0/../../../../avr/lib/avr5/crtatmega32u4.o
__bss_end                                         c:/program files (x86)/arduino/hardware/tools/avr/bin/../lib/gcc/avr/5.4.0/avr5\libgcc.a(_clear_bss.o)
__bss_start                                       c:/program files (x86)/arduino/hardware/tools/avr/bin/../lib/gcc/avr/5.4.0/avr5\libgcc.a(_clear_bss.o)
__divmodhi4                                       c:/program files (x86)/arduino/hardware/tools/avr/bin/../lib/gcc/avr/5.4.0/avr5\libgcc.a(_divmodhi4.o)
                                                  obj/Joystick.o
__do_clear_bss                                    c:/program files (x86)/arduino/hardware/tools/avr/bin/../lib/gcc/avr/5.4.0/avr5\libgcc.a(_clear_bss.o)
                                                  obj/USBTask.o
                                                  obj/DeviceStandardReq.o
                                                  obj/Joystick.o
__heap_end                                        c:/program files (x86)/arduino/hardware/tools/avr/bin/../lib/gcc/avr/5.4.0/../../../../avr/lib/avr5/crtatmega32u4.o
__init                                            c:/program files (x86)/arduino/hardware/tools/avr/bin/../lib/gcc/avr/5.4.0/../../../../avr/lib/avr5/crtatmega32u4.o
__stack                                           c:/program files (x86)/arduino/hardware/tools/avr/bin/../lib/gcc/avr/5.4.0/../../../../avr/lib/avr5/crtatmega32u4.o
__udivmodhi4                                      c:/program files (x86)/arduino/hardware/tools/avr/bin/../lib/gcc/avr/5.4.0/avr5\libgcc.a(_udivmodhi4.o)
                                                  c:/program files (x86)/arduino/hardware/tools/avr/bin/../lib/gcc/avr/5.4.0/avr5\libgcc.a(_divmodhi4.o)
__vector_1                                        c:/program files (x86)/arduino/hardware/tools/avr/bin/../lib/gcc/avr/5.4.0/../../../../avr/lib/avr5/crtatmega32u4.o
__vector_10                                       obj/USBInterrupt_AVR8.o
                                                  c:/program files (x86)/arduino/hardware/tools/avr/bin/../lib/gcc/avr/5.4.0/../../../../avr/lib/avr5/crtatmega32u4.o
__vector_11                                       c:/program files (x86)/arduino/hardware/tools/avr/bin/../lib/gcc/avr/5.4.0/../../../../avr/lib/avr5/crtatmega32u4.o
__vector_12                                       c:/program files (x86)/arduino/hardware/tools/avr/bin/../lib/gcc/avr/5.4.0/../../../../avr/lib/avr5/crtatmega32u4.o
__vector_13                                       c:/program files (x86)/arduino/hardware/tools/avr/bin/../lib/gcc/avr/5.4.0/../../../../avr/lib/avr5/crtatmega32u4.o
__vector_14                                       c:/program files (x86)/arduino/hardware/tools/avr/bin/../lib/gcc/avr/5.4.0/../../../../avr/lib/avr5/crtatmega32u4.o
__vector_15                                       c:/program files (x86)/arduino/hardware/tools/avr/bin/../lib/gcc/avr/5.4.0/../../../../avr/lib/avr5/crtatmega32u4.o
__vector_16                                       c:/program files (x86)/arduino/hardware/tools/avr/bin/../lib/gcc/avr/5.4.0/../../../../avr/lib/avr5/crtatmega32u4.o
__vector_17                                       c:/program files (x86)/arduino/hardware/tools/avr/bin/../lib/gcc/avr/5.4.0/../../../../avr/lib/avr5/crtatmega32u4.o
__vector_18                                       c:/program files (x86)/arduino/hardware/tools/avr/bin/../lib/gcc/avr/5.4.0/../../../../avr/lib/avr5/crtatmega32u4.o
__vector_19                                       c:/program files (x86)/arduino/hardware/tools/avr/bin/../lib/gcc/avr/5.4.0/../../../../avr/lib/avr5/crtatmega32u4.o
__vector_2                                        c:/program files (x86)/arduino/hardware/tools/avr/bin/../lib/gcc/avr/5.4.0/../../../../avr/lib/avr5/crtatmega32u4.o
__vector_20                                       c:/program files (x86)/arduino/hardware/tools/avr/bin/../lib/gcc/avr/5.4.0/../../../../avr/lib/avr5/crtatmega32u4.o
__vector_21                                       c:/program files (x86)/arduino/hardware/tools/avr/bin/../lib/gcc/avr/5.4.0/../../../../avr/lib/avr5/crtatmega32u4.o
__vector_22                                       c:/program files (x86)/arduino/hardware/tools/avr/bin/../lib/gcc/avr/5.4.0/../../../../avr/lib/avr5/crtatmega32u4.o
__vector_23                                       c:/program files (x86)/arduino/hardware/tools/avr/bin/../lib/gcc/avr/5.4.0/../../../../avr/lib/avr5/crtatmega32u4.o
__vector_24                                       c:/program files (x86)/arduino/hardware/tools/avr/bin/../lib/gcc/avr/5.4.0/../../../../avr/lib/avr5/crtatmega32u4.o
__vector_25                                       c:/program files (x86)/arduino/hardware/tools/avr/bin/../lib/gcc/avr/5.4.0/../../../../avr/lib/avr5/crtatmega32u4.o
__vector_26                                       c:/program files (x86)/arduino/hardware/tools/avr/bin/../lib/gcc/avr/5.4.0/../../../../avr/lib/avr5/crtatmega32u4.o
__vector_27                                       c:/program files (x86)/arduino/hardware/tools/avr/bin/../lib/gcc/avr/5.4.0/../../../../avr/lib/avr5/crtatmega32u4.o
__vector_28                                       c:/program files (x86)/arduino/hardware/tools/avr/bin/../lib/gcc/avr/5.4.0/../../../../avr/lib/avr5/crtatmega32u4.o
__vector_29                                       c:/program files (x86)/arduino/hardware/tools/avr/bin/../lib/gcc/avr/5.4.0/../../../../avr/lib/avr5/crtatmega32u4.o
__vector_3                                        c:/program files (x86)/arduino/hardware/tools/avr/bin/../lib/gcc/avr/5.4.0/../../../../avr/lib/avr5/crtatmega32u4.o
__vector_30                                       c:/program files (x86)/arduino/hardware/tools/avr/bin/../lib/gcc/avr/5.4.0/../../../../avr/lib/avr5/crtatmega32u4.o
__vector_31                                       c:/program files (x86)/arduino/hardware/tools/avr/bin/../lib/gcc/avr/5.4.0/../../../../avr/lib/avr5/crtatmega32u4.o
__vector_32                                       c:/program files (x86)/arduino/hardware/tools/avr/bin/../lib/gcc/avr/5.4.0/../../../../avr/lib/avr5/crtatmega32u4.o
__vector_33                                       c:/program files (x86)/arduino/hardware/tools/avr/bin/../lib/gcc/avr/5.4.0/../../../../avr/lib/avr5/crtatmega32u4.o
__vector_34                                       c:/program files (x86)/arduino/hardware/tools/avr/bin/../lib/gcc/avr/5.4.0/../../../../avr/lib/avr5/crtatmega32u4.o
__vector_35                                       c:/program files (x86)/arduino/hardware/tools/avr/bin/../lib/gcc/avr/5.4.0/../../../../avr/lib/avr5/crtatmega32u4.o
__vector_36                                       c:/program files (x86)/arduino/hardware/tools/avr/bin/../lib/gcc/avr/5.4.0/../../../../avr/lib/avr5/crtatmega32u4.o
__vector_37                                       c:/program files (x86)/arduino/hardware/tools/avr/bin/../lib/gcc/avr/5.4.0/../../../../avr/lib/avr5/crtatmega32u4.o
__vector_38                                       c:/program files (x86)/arduino/hardware/tools/avr/bin/../lib/gcc/avr/5.4.0/../../../../avr/lib/avr5/crtatmega32u4.o
__vector_39                                       c:/program files (x86)/arduino/hardware/tools/avr/bin/../lib/gcc/avr/5.4.0/../../../../avr/lib/avr5/crtatmega32u4.o
__vector_4                                        c:/program files (x86)/arduino/hardware/tools/avr/bin/../lib/gcc/avr/5.4.0/../../../../avr/lib/avr5/crtatmega32u4.o
__vector_40                                       c:/program files (x86)/arduino/hardware/tools/avr/bin/../lib/gcc/avr/5.4.0/../../../../avr/lib/avr5/crtatmega32u4.o
__vector_41                                       c:/program files (x86)/arduino/hardware/tools/avr/bin/../lib/gcc/avr/5.4.0/../../../../avr/lib/avr5/crtatmega32u4.o
__vector_42                                       c:/program files (x86)/arduino/hardware/tools/avr/bin/../lib/gcc/avr/5.4.0/../../../../avr/lib/avr5/crtatmega32u4.o
__vector_5                                        c:/program files (x86)/arduino/hardware/tools/avr/bin/../lib/gcc/avr/5.4.0/../../../../avr/lib/avr5/crtatmega32u4.o
__vector_6                                        c:/program files (x86)/arduino/hardware/tools/avr/bin/../lib/gcc/avr/5.4.0/../../../../avr/lib/avr5/crtatmega32u4.o
__vector_7                                        c:/program files (x86)/arduino/hardware/tools/avr/bin/../lib/gcc/avr/5.4.0/../../../../avr/lib/avr5/crtatmega32u4.o
__vector_8                                        c:/program files (x86)/arduino/hardware/tools/avr/bin/../lib/gcc/avr/5.4.0/../../../../avr/lib/avr5/crtatmega32u4.o
__vector_9                                        c:/program files (x86)/arduino/hardware/tools/avr/bin/../lib/gcc/avr/5.4.0/../../../../avr/lib/avr5/crtatmega32u4.o
__vector_default                                  c:/program files (x86)/arduino/hardware/tools/avr/bin/../lib/gcc/avr/5.4.0/../../../../avr/lib/avr5/crtatmega32u4.o
__vectors                                         c:/program files (x86)/arduino/hardware/tools/avr/bin/../lib/gcc/avr/5.4.0/../../../../avr/lib/avr5/crtatmega32u4.o
_div                                              c:/program files (x86)/arduino/hardware/tools/avr/bin/../lib/gcc/avr/5.4.0/avr5\libgcc.a(_divmodhi4.o)
_exit                                             c:/program files (x86)/arduino/hardware/tools/avr/bin/../lib/gcc/avr/5.4.0/avr5\libgcc.a(_exit.o)
command_count                                     obj/Joystick.o
complete_zig_zag_pattern                          obj/Joystick.o
echoes                                            obj/Joystick.o
eeprom_read_byte                                  c:/program files (x86)/arduino/hardware/tools/avr/bin/../lib/gcc/avr/5.4.0/../../../../avr/lib/avr5\libatmega32u4.a(eerd_byte.o)
                                                  obj/EndpointStream_AVR8.o
eeprom_update_byte                                c:/program files (x86)/arduino/hardware/tools/avr/bin/../lib/gcc/avr/5.4.0/../../../../avr/lib/avr5\libatmega32u4.a(eeupd_byte.o)
                                                  obj/EndpointStream_AVR8.o
eeprom_update_r18                                 c:/program files (x86)/arduino/hardware/tools/avr/bin/../lib/gcc/avr/5.4.0/../../../../avr/lib/avr5\libatmega32u4.a(eeupd_byte.o)
exit                                              c:/program files (x86)/arduino/hardware/tools/avr/bin/../lib/gcc/avr/5.4.0/avr5\libgcc.a(_exit.o)
                                                  c:/program files (x86)/arduino/hardware/tools/avr/bin/../lib/gcc/avr/5.4.0/../../../../avr/lib/avr5/crtatmega32u4.o
image_data                                        obj/image.o
                                                  obj/Joystick.o
last_report                                       obj/Joystick.o
main                                              obj/Joystick.o
                                                  c:/program files (x86)/arduino/hardware/tools/avr/bin/../lib/gcc/avr/5.4.0/../../../../avr/lib/avr5/crtatmega32u4.o
portsval                                          obj/Joystick.o
report_count                                      obj/Joystick.o
state                                             obj/Joystick.o
xpos                                              obj/Joystick.o
ypos                                              obj/Joystick.o
